#-----------------------------------------------------------
# Vivado v2018.2 (64-bit)
# SW Build 2258646 on Thu Jun 14 20:02:38 MDT 2018
# IP Build 2256618 on Thu Jun 14 22:10:49 MDT 2018
# Start of session at: Tue Sep 25 19:48:50 2018
# Process ID: 11242
# Current directory: /home/comparch/CompArch_HW/Lab0
# Command line: vivado
# Log file: /home/comparch/CompArch_HW/Lab0/vivado.log
# Journal file: /home/comparch/CompArch_HW/Lab0/vivado.jou
#-----------------------------------------------------------
start_gui
create_project lab0 /home/comparch/CompArch_HW/Lab0/lab0 -part xc7z010clg400-1
set_property board_part digilentinc.com:zybo:part0:1.0 [current_project]
add_files -fileset constrs_1 -norecurse /home/comparch/Desktop/ZYBO_Master.xdc
import_files -fileset constrs_1 /home/comparch/Desktop/ZYBO_Master.xdc
import_files -norecurse /home/comparch/Desktop/bringup.v
update_compile_order -fileset sources_1
launch_runs synth_1
wait_on_run synth_1
launch_runs impl_1
wait_on_run impl_1
launch_runs impl_1 -to_step write_bitstream
wait_on_run impl_1
open_hw
connect_hw_server
disconnect_hw_server localhost:3121
connect_hw_server
disconnect_hw_server localhost:3121
connect_hw_server
open_hw_target
set_property PROGRAM.FILE {/home/comparch/CompArch_HW/Lab0/lab0/lab0.runs/impl_1/hw_wrapper.bit} [get_hw_devices xc7z010_1]
current_hw_device [get_hw_devices xc7z010_1]
refresh_hw_device -update_hw_probes false [lindex [get_hw_devices xc7z010_1] 0]
set_property PROBES.FILE {} [get_hw_devices xc7z010_1]
set_property FULL_PROBES.FILE {} [get_hw_devices xc7z010_1]
set_property PROGRAM.FILE {/home/comparch/CompArch_HW/Lab0/lab0/lab0.runs/impl_1/hw_wrapper.bit} [get_hw_devices xc7z010_1]
program_hw_devices [get_hw_devices xc7z010_1]
refresh_hw_device [lindex [get_hw_devices xc7z010_1] 0]
set_property PROBES.FILE {} [get_hw_devices xc7z010_1]
set_property FULL_PROBES.FILE {} [get_hw_devices xc7z010_1]
set_property PROGRAM.FILE {/home/comparch/CompArch_HW/Lab0/lab0/lab0.runs/impl_1/hw_wrapper.bit} [get_hw_devices xc7z010_1]
program_hw_devices [get_hw_devices xc7z010_1]
refresh_hw_device [lindex [get_hw_devices xc7z010_1] 0]
